
A module that was compiled using NumPy 1.x cannot be run in
NumPy 2.5.3 as it may crash. To support both 1.x and 2.x
versions of NumPy, modules must be compiled with NumPy 2.0.
Some module may need to rebuild instead e.g. with 'pybind11>=2.12'.

If you are a user of the module, the easiest solution will be to
downgrade to 'numpy<2' or try to upgrade the affected module.
We expect that some modules will need time to support NumPy 2.

Traceback (most recent call last):  File "C:\Users\Power tech\Documents\Default Project\local-studio\share_public.py", line 3, in <module>
    import app
  File "C:\Users\Power tech\Documents\Default Project\local-studio\app.py", line 24, in <module>
    from diffusers import StableDiffusionPipeline, DPMSolverMultistepScheduler
  File "C:\Users\Power tech\AppData\Local\Programs\Python\Python312\Lib\site-packages\diffusers\utils\import_utils.py", line 821, in __getattr__
    value = getattr(module, name)
  File "C:\Users\Power tech\AppData\Local\Programs\Python\Python312\Lib\site-packages\diffusers\utils\import_utils.py", line 821, in __getattr__
    value = getattr(module, name)
  File "C:\Users\Power tech\AppData\Local\Programs\Python\Python312\Lib\site-packages\diffusers\utils\import_utils.py", line 820, in __getattr__
    module = self._get_module(self._class_to_module[name])
  File "C:\Users\Power tech\AppData\Local\Programs\Python\Python312\Lib\site-packages\diffusers\utils\import_utils.py", line 830, in _get_module
    return importlib.import_module("." + module_name, self.__name__)
  File "C:\Users\Power tech\AppData\Local\Programs\Python\Python312\Lib\importlib\__init__.py", line 90, in import_module
    return _bootstrap._gcd_import(name[level:], package, level)
  File "C:\Users\Power tech\AppData\Local\Programs\Python\Python312\Lib\site-packages\diffusers\pipelines\stable_diffusion\pipeline_stable_diffusion.py", line 24, in <module>
    from ...loaders import FromSingleFileMixin, IPAdapterMixin, StableDiffusionLoraLoaderMixin, TextualInversionLoaderMixin
  File "C:\Users\Power tech\AppData\Local\Programs\Python\Python312\Lib\site-packages\diffusers\utils\import_utils.py", line 820, in __getattr__
    module = self._get_module(self._class_to_module[name])
  File "C:\Users\Power tech\AppData\Local\Programs\Python\Python312\Lib\site-packages\diffusers\utils\import_utils.py", line 830, in _get_module
    return importlib.import_module("." + module_name, self.__name__)
  File "C:\Users\Power tech\AppData\Local\Programs\Python\Python312\Lib\importlib\__init__.py", line 90, in import_module
    return _bootstrap._gcd_import(name[level:], package, level)
  File "C:\Users\Power tech\AppData\Local\Programs\Python\Python312\Lib\site-packages\diffusers\loaders\single_file.py", line 24, in <module>
    from .single_file_utils import (
  File "C:\Users\Power tech\AppData\Local\Programs\Python\Python312\Lib\site-packages\diffusers\loaders\single_file_utils.py", line 28, in <module>
    from ..schedulers import (
  File "C:\Users\Power tech\AppData\Local\Programs\Python\Python312\Lib\site-packages\diffusers\utils\import_utils.py", line 820, in __getattr__
    module = self._get_module(self._class_to_module[name])
  File "C:\Users\Power tech\AppData\Local\Programs\Python\Python312\Lib\site-packages\diffusers\utils\import_utils.py", line 830, in _get_module
    return importlib.import_module("." + module_name, self.__name__)
  File "C:\Users\Power tech\AppData\Local\Programs\Python\Python312\Lib\importlib\__init__.py", line 90, in import_module
    return _bootstrap._gcd_import(name[level:], package, level)
  File "C:\Users\Power tech\AppData\Local\Programs\Python\Python312\Lib\site-packages\diffusers\schedulers\scheduling_ddim.py", line 27, in <module>
    from ..utils.torch_utils import randn_tensor
  File "C:\Users\Power tech\AppData\Local\Programs\Python\Python312\Lib\site-packages\diffusers\utils\torch_utils.py", line 31, in <module>
    from torch._dynamo import allow_in_graph as maybe_allow_in_graph
  File "C:\Users\Power tech\AppData\Local\Programs\Python\Python312\Lib\site-packages\torch\_dynamo\__init__.py", line 64, in <module>
    torch.manual_seed = disable(torch.manual_seed)
  File "C:\Users\Power tech\AppData\Local\Programs\Python\Python312\Lib\site-packages\torch\_dynamo\decorators.py", line 50, in disable
    return DisableContext()(fn)
  File "C:\Users\Power tech\AppData\Local\Programs\Python\Python312\Lib\site-packages\torch\_dynamo\eval_frame.py", line 410, in __call__
    (filename is None or trace_rules.check(fn))
  File "C:\Users\Power tech\AppData\Local\Programs\Python\Python312\Lib\site-packages\torch\_dynamo\trace_rules.py", line 3378, in check
    return check_verbose(obj, is_inlined_call).skipped
  File "C:\Users\Power tech\AppData\Local\Programs\Python\Python312\Lib\site-packages\torch\_dynamo\trace_rules.py", line 3361, in check_verbose
    rule = torch._dynamo.trace_rules.lookup_inner(
  File "C:\Users\Power tech\AppData\Local\Programs\Python\Python312\Lib\site-packages\torch\_dynamo\trace_rules.py", line 3442, in lookup_inner
    rule = get_torch_obj_rule_map().get(obj, None)
  File "C:\Users\Power tech\AppData\Local\Programs\Python\Python312\Lib\site-packages\torch\_dynamo\trace_rules.py", line 2782, in get_torch_obj_rule_map
    obj = load_object(k)
  File "C:\Users\Power tech\AppData\Local\Programs\Python\Python312\Lib\site-packages\torch\_dynamo\trace_rules.py", line 2811, in load_object
    val = _load_obj_from_str(x[0])
  File "C:\Users\Power tech\AppData\Local\Programs\Python\Python312\Lib\site-packages\torch\_dynamo\trace_rules.py", line 2795, in _load_obj_from_str
    return getattr(importlib.import_module(module), obj_name)
  File "C:\Users\Power tech\AppData\Local\Programs\Python\Python312\Lib\importlib\__init__.py", line 90, in import_module
    return _bootstrap._gcd_import(name[level:], package, level)
  File "C:\Users\Power tech\AppData\Local\Programs\Python\Python312\Lib\site-packages\torch\nested\_internal\nested_tensor.py", line 417, in <module>
    values=torch.randn(3, 3, device="meta"),
C:\Users\Power tech\AppData\Local\Programs\Python\Python312\Lib\site-packages\torch\nested\_internal\nested_tensor.py:417: UserWarning: Failed to initialize NumPy: _ARRAY_API not found (Triggered internally at ..\torch\csrc\utils\tensor_numpy.cpp:84.)
  values=torch.randn(3, 3, device="meta"),
